|------------------------------------------------------------------------------|
|                                Private Header                                |
|------------------------------------------------------------------------------|
| Section Version          : 1 (PH)                                            |
| Sub-section type         : 0x0                                               |
| Section Length           : 0x30                                              |
| Component ID             : 9500                                              |
| Created at               : 2014-02-18 | 06:43:54                             |
| Committed at             : 2014-02-18 | 06:43:54                             |
| Created by               : Service Processor                                 |
| Creator Sub Id           : 0x0 (0), 0x0 (0)                                  |
| Platform Log Id          : 0x5055ed2e                                        |
| Entry ID                 : 0x5055ed2e                                        |
| Section Count            : 12                                                |
|------------------------------------------------------------------------------|
|                                 User Header                                  |
|------------------------------------------------------------------------------|
| Section Version          : 1 (UH)                                            |
| Sub-section type         : 0x0                                               |
| Section Length           : 0x18                                              |
| Component ID             : 9500                                              |
| Subsystem                : Hypervisor firmware                               |
| Event Scope              : Single platform                                   |
| Event Severity           : Informational Event                               |
| Event Type               : Miscellaneous, informational only.                |
| Action Flags             : Healthy System Event                              |
|                          : No Service Action Required                        |
|------------------------------------------------------------------------------|
|                        Primary System Reference Code                         |
|------------------------------------------------------------------------------|
| Section Version          : 1 (PS)                                            |
| Sub-section type         : 0x1                                               |
| Section Length           : 0x50                                              |
| Component ID             : 9500                                              |
| SRC Format               : 0x0                                               |
| SRC Version              : 0x2                                               |
| Valid Word Count         : 0x9                                               |
| SRC Length               : 48                                                |
| Primary Reference Code   : B182950C                                          |
| Hex Words 2 - 5          : 020000F0 2B2C0E10 C103A401 000000FF               |
| Hex Words 6 - 9          : 00000042 E8CA2C00 00000000 00000000               |
|                                                                              |
|------------------------------------------------------------------------------|
|                             Extended User Header                             |
|------------------------------------------------------------------------------|
| Version                  : 1 (EH)                                            |
| Sub-section type         : 0                                                 |
| Component ID             : 3100                                              |
| Machine Type Model       : 8246-L2D                                          |
| Serial Number            : 060E8EA                                           |
| FW Released Ver          : ZL770_057                                         |
| FW SubSys Version        : b1126p_1320.770                                   |
| Common Ref Time (UTC)    :    0-00-00 | 00:00:00                             |
| Symptom Id Len           : 20                                                |
| Symptom Id               : B182950C_2B2C0E10                                 |
|------------------------------------------------------------------------------|
|                              User Defined Data                               |
|------------------------------------------------------------------------------|
| Section Version          : 2 (UD)                                            |
| Sub-section type         : 0x4                                               |
| Section Length           : 0x9c                                              |
| Component ID             : 3100                                              |
| User data hex            : length 148                                        |
|   00000000    00000b90  2f6f7074  2f666970  732f6269       ..../opt/fips/bi  |
|   00000010    6e2f6d62  6f786d61  696e7072  6f636573       n/mboxmainproces  |
|   00000020    73000000  00000000  00000000  00000000       s...............  |
|   00000030    00000000  00000000  00000000  00000000       ................  |
|   00000040    00000000  00000000  00000000  00000000       ................  |
|   00000050    00000000  00000000  66697073  3737302f       ........fips770/  |
|   00000060    62313132  36705f31  3332302e  37373000       b1126p_1320.770.  |
|   00000070    00000000  00000000  00000001  00000002       ................  |
|   00000080    00000804  00000004  00000006  00e51f64       ...............d  |
|   00000090    00000000                                     ....              |
|------------------------------------------------------------------------------|
|                      Machine Type/Model & Serial Number                      |
|------------------------------------------------------------------------------|
| Section Version          : 1 (MT)                                            |
| Sub-section type         : 0x0                                               |
| Section Length           : 0x1c                                              |
| Component ID             : 3100                                              |
| Machine Type Model       : 8246-L2D                                          |
| Serial Number            : 060E8EA                                           |
|------------------------------------------------------------------------------|
|                              User Defined Data                               |
|------------------------------------------------------------------------------|
| Section Version          : 1 (UD)                                            |
| Sub-section type         : 0xc                                               |
| Section Length           : 0x6c                                              |
| Component ID             : 3100                                              |
| User data hex            : length 100                                        |
|   00000000    01280342  4d424f58  4a000000  00000000       .(.BMBOXJ.......  |
|   00000010    00000000  00000064  00000000  00000064       .......d.......d  |
|   00000020    0000039c  00000018  00000026  973f3ab2       ...........&.?:.  |
|   00000030    00000bc7  0020434f  c3e6e01c  00000155       ..... CO.......U  |
|   00000040    0000000e  0000950c  00000042  e8ca2c00       ...........B..,.  |
|   00000050    00000000  00000000  00009510  5055ed2e       ............PU..  |
|   00000060    0000003c                                     ...<              |
|------------------------------------------------------------------------------|
|                              User Defined Data                               |
|------------------------------------------------------------------------------|
| Section Version          : 5 (UD)                                            |
| Sub-section type         : 0x1                                               |
| Section Length           : 0x24                                              |
| Component ID             : 9500                                              |
| User data hex            : length 28                                         |
|   00000000    00000017  0000004a  0000000c  00000042       .......J.......B  |
|   00000010    00000001  43413034  30303031                 ....CA040001      |
|------------------------------------------------------------------------------|
|                              User Defined Data                               |
|------------------------------------------------------------------------------|
| Section Version          : 5 (UD)                                            |
| Sub-section type         : 0x2                                               |
| Section Length           : 0x18                                              |
| Component ID             : 9500                                              |
| User data hex            : length 16                                         |
|   00000000    000000e8  000000ca  00000000  0000002c       ...............,  |
|------------------------------------------------------------------------------|
|                              User Defined Data                               |
|------------------------------------------------------------------------------|
| Section Version          : 12 (UD)                                           |
| Sub-section type         : 0x0                                               |
| Section Length           : 0xc                                               |
| Component ID             : 9500                                              |
| User data hex            : length 4                                          |
|   00000000    00000023                                     ...#              |
|------------------------------------------------------------------------------|
|                              User Defined Data                               |
|------------------------------------------------------------------------------|
| Section Version          : 1 (UD)                                            |
| Sub-section type         : 0xc                                               |
| Section Length           : 0x50                                              |
| Component ID             : 3100                                              |
| User data hex            : length 72                                         |
|   00000000    01280342  4d424f58  00000000  00000000       .(.BMBOX........  |
|   00000010    00000000  00000048  00000000  00000048       .......H.......H  |
|   00000020    00000640  0000002b  00000026  9730e378       ...@...+...&.0.x  |
|   00000030    00000bc8  0004434f  8dbf4c7f  000000ed       ......CO..L.....  |
|   00000040    5055ed2f  00000020                           PU./...           |
|------------------------------------------------------------------------------|
|                              User Defined Data                               |
|------------------------------------------------------------------------------|
| Section Version          : 1 (UD)                                            |
| Sub-section type         : 0xc                                               |
| Section Length           : 0x30                                              |
| Component ID             : 3100                                              |
| User data hex            : length 40                                         |
|   00000000    01280342  4d424f58  56000000  00000000       .(.BMBOXV.......  |
|   00000010    00000000  00000028  00000000  00000028       .......(.......(  |
|   00000020    000001d8  00000009                           ........          |
