|------------------------------------------------------------------------------|
|                                Private Header                                |
|------------------------------------------------------------------------------|
| Section Version          : 1 (PH)                                            |
| Sub-section type         : 0x0                                               |
| Section Length           : 0x30                                              |
| Component ID             : 0                                                 |
| Created at               : 2014-03-12 | 14:24:12                             |
| Committed at             : 2014-03-13 | 13:01:56                             |
| Created by               : Unknown                                           |
| Creator Sub Id           : 0x0 (0), 0x0 (0)                                  |
| Platform Log Id          : 0x0                                               |
| Entry ID                 : 0x3                                               |
| Section Count            : 1                                                 |
